25 11
0100 00000000111000 ****!%*
0101 00000001100000 ***#%**
0102 00001000010010 **%*#*%
0103 00000000001000 *****%*
0104 00001001000100 **%#*#*
0105 00000000000001 ******#
0106 00001100000000 **!****
0107 11111111101100 !!!!%!*
0108 00000000101000 ****%%*
0109 00000111110110 **#!!#%
0110 00000000010100 ****##*
0111 00000111110110 **#!!#%
0112 00000000001000 *****%*
0113 00000011111100 ***!!!*
0114 00000000110000 ****!**
0115 00000001010000 ***##**
0116 00001000011110 **%*#!%
0117 00000000001000 *****%*
0118 00001010000100 **%%*#*
0119 00000000000001 ******#
0120 00000111000100 **#!*#*
0121 00000000000001 ******#
0122 00001010000100 **%%*#*
0123 00000110100010 **#%%*%
0124 00001111000000 **!!***
0125 00000001100001 ***#%*#
0126 00000001100010 ***#%*%
0127 00000001100011 ***#%*!
0128 00000001100100 ***#%#*
0129 00000001100101 ***#%##
0130 00000001100110 ***#%#%
0131 00000000000000 *******
0132 00000000000110 *****#%
0133 11111111110111 !!!!!#!
0134 00000000000100 *****#*
0135 00000000010110 ****##%
