Address: 100	value: 0	 word: 00000000111100
Address: 101	value: 24	 word: 00000001010000
Address: 102	value: 0	 word: 00000000111100
Address: 103	value: 11	 word: 00000000100100
Address: 104	value: 0	 word: 00000000110100
Address: 105	value: 1	 word: 00000000100000
Address: 106	value: 114	 word: 00000111001010
Address: 107	value: 0	 word: 00000000111100
Address: 108	value: 11	 word: 00000000100100
Address: 109	value: 0	 word: 00000000111100
Address: 110	value: 11	 word: 00000000100100
Address: 111	value: 3	 word: 00000011001100
Address: 112	value: 3	 word: 00000000001100
Address: 113	value: 1	 word: 00000000000100
