K: .data -22
.define sz = -2
.define ind = 5
.entry LIST
LIST: .data 6, 8, sz
mov LIST[2], K
