4 4
0100 00000000100100 ****%#*
0101 00000110100110 **#%%#%
0102 00000000001000 *****%*
0103 00000110100010 **#%%*%
0104 11111111101010 !!!!%%%
0105 00000000000110 *****#%
0106 00000000001000 *****%*
0107 11111111111110 !!!!!!%
