Address: 100	value: 0	 word: 00000000100100
Address: 101	value: 105	 word: 00000110100110
Address: 102	value: 2	 word: 00000000001000
Address: 103	value: 104	 word: 00000110100010
