4 3
0100 ****!%*
0101 ***#%**
0102 **#%%*%
0103 *****%*
0104 *****#%
0105 !!!!!#!
0106 ******!
