Address: 135	value: 97	 word: 00000001100001
Address: 136	value: 98	 word: 00000001100010
Address: 137	value: 99	 word: 00000001100011
Address: 138	value: 100	 word: 00000001100100
Address: 139	value: 101	 word: 00000001100101
Address: 140	value: 102	 word: 00000001100110
Address: 141	value: 0	 word: 00000000000000
Address: 142	value: 6	 word: 00000000000110
Address: 143	value: -9	 word: 11111111110111
Address: 144	value: 4	 word: 00000000000100
Address: 145	value: 22	 word: 00000000010110
