Address: 104	value: 6	 word: 00000000000110
Address: 105	value: -9	 word: 11111111110111
Address: 106	value: 2	 word: 00000000000010
