Symbol name: len       	Value: 2	type: 1: MDEFINE
Symbol name: LIST      	Value: 104	type: 3: DATA
Symbol name: MAIN      	Value: 100	type: 2: CODE
