4 3
0100 00000000111000 ****!%*
0101 00000001100000 ***#%**
0102 00000110100010 **#%%*%
0103 00000000001000 *****%*
0104 00000000000110 *****#%
0105 11111111110111 !!!!!#!
0106 00000000000010 ******%
