Address: 100	value: 0	 word: 00000000111000
Address: 101	value: 3	 word: 00000001100000
Address: 102	value: 104	 word: 00000110100010
Address: 103	value: 2	 word: 00000000001000
